---
source: src/commands/task/orchestrate/panels.rs
expression: snapshot
---
╭ W2 [42.1] ─────────────────────────────────────╮
│● implementing                                  │
│                                                │
│                                                │
│                                                │
╰ $0.0000 │ ↓0 ↑0 ───────────────────────────────╯
