---
source: src/commands/task/orchestrate/task_preview.rs
expression: snapshot
---
╔ Task List (p to close, ↑↓ to scroll) ══════════════════════════════╗
║✓ 1: Setup build tools [🔧 narzędzia]                               ║
║● 2: Create API schema [📡 backend]                                 ║
║○ 3: Design UI mockups [🎨 design]                                  ║
║                                                                    ║
║                                                                    ║
║                                                                    ║
║                                                                    ║
║                                                                    ║
║                                                                    ║
║                                                                    ║
╚════════════════════════════════════════════════════════════════════╝
