---
source: src/commands/task/orchestrate/panels.rs
expression: snapshot
---
╭ W3 [1.1: test] ────────────────────────────────╮
│○ idle                                          │
│                                                │
│                                                │
│                                                │
╰ $0.0000 │ ↓0 ↑0 ───────────────────────────────╯
