---
source: src/commands/task/orchestrate/app_render.rs
expression: "render_grid_snap(120, 24, &panels, None)"
---
┌ W1 [1.1: api] ────────────────────────────────────────────┌ W2 [2.1: ui] ─────────────────────────────────────────────
│ ● implementing                                            │ ◎ reviewing
│                                                           │
│                                                           │
│                                                           │
│                                                           │
│                                                           │
│                                                           │
│                                                           │
│                                                           │
│                                                           │
│                                                           │
│                                                           │
│                                                           │
│                                                           │
│                                                           │
│                                                           │
│                                                           │
│                                                           │
│                                                           │
│                                                           │
│                                                           │
│                                                           │
│ $0.0000 │ ↓0 ↑0                                           │ $0.0000 │ ↓0 ↑0
