---
source: src/commands/task/orchestrate/panels.rs
expression: snapshot
---
╭ W1 [feature.authentication.oauth2.implementation.backend.╮
│◎ reviewing                                               │
│                                                          │
│                                                          │
│                                                          │
╰ $12.3456 │ ↓50.0k ↑25.0k ────────────────────────────────╯
