---
source: src/commands/task/orchestrate/dashboard.rs
expression: snapshot
---
╭ W1 [1.1: api] ───────────────────────────────────────────────────────────────╮
│● implement                                                                   │
│                                                                              │
│                                                                              │
│                                                                              │
│                                                                              │
│                                                                              │
│                                                                              │
│                                                                              │
│                                                                              │
│                                                                              │
│                                                                              │
│                                                                              │
│                                                                              │
│                                                                              │
│                                                                              │
│                                                                              │
│                                                                              │
│                                                                              │
│                                                                              │
╰ $0.0000 │ ↓0 ↑0 ─────────────────────────────────────────────────────────────╯
────────────────────────────────────────────────────────────────────────────────
 [████░░░░░░░░░░░░░░░░] 1/5 (20%) │ $0.0842 │ $0.0842/task │ ⏱ 2m25s │ W 1/1
 Queue: 3 ready │ 1 wip │ 0 blocked │ 0 pending  │  No focus    q Tab ↑↓ Esc p=t
