---
source: src/commands/task/orchestrate/panels.rs
expression: snapshot
---
╭ W1 [3.2: frontend] (sonnet) ───────────────────╮
│● implementing                                  │
│                                                │
│                                                │
╰ $0.0150 │ ↓800 ↑400 ───────────────────────────╯
