---
source: src/commands/task/orchestrate/panels.rs
expression: snapshot
---
╭ W1 [2.1: authentication-and-authoriza╮
│● implementing                        │
│                                      │
│                                      │
│                                      │
╰ $0.1230 │ ↓2.0k ↑1.0k ───────────────╯
