---
source: src/commands/task/orchestrate/task_preview.rs
expression: snapshot
---
╔ Task List (p to close, ↑↓ t╗
║✓ 1: Database [db]          ║
║○ 2: Backend API            ║
║[infrastructure] deps: 1, 3 ║
║● 3: Auth [security]        ║
║                            ║
║                            ║
║                            ║
║                            ║
║                            ║
║                            ║
╚════════════════════════════╝
