---
source: src/commands/task/orchestrate/panels.rs
expression: snapshot
---
╭ W1 [8.1] ────────────────────────────────────────────────╮
│◉ verify [lint ✓, test ✗, build ⏳]                       │
│                                                          │
│                                                          │
│                                                          │
╰ $0.0000 │ ↓0 ↑0 ─────────────────────────────────────────╯
