---
source: src/commands/task/orchestrate/task_preview.rs
expression: snapshot
---
╔ Task List (p to close, ↑↓ t╗
║● 1: Very long task name    ║
║will overflow here!! [api]  ║
║                            ║
║                            ║
║                            ║
║                            ║
╚════════════════════════════╝
