---
source: src/commands/task/command_app.rs
expression: snap(&buffer)
---
ralph task add
Adding new feature...




 Question ──────────────────────────────────────────────────────────────────────

  Select components to include
  > [ ] Authentication
    [ ] API Gateway
    [ ] Database
    [ ] Logging
  Space: toggle │ Enter: submit │ Esc: cancel

Multi-select active
