---
source: src/commands/task/explorer/drawing.rs
expression: snapshot
---
 Tasks [sort: ID]                                Detail

 ▾ 1 Epic One [parser]                           1 Epic One
   ✓ 1.1 Subtask A [parser]                      Component: parser
   ◎ 1.2 Subtask B [parser]              → 1.1
 ▾ 2 Epic Two [dag]                              Subtasks: 2
   ○ 2.1 Cycle detect [dag]
   ⊘ 2.2 Topo sort [dag]           → 2.1 → 1.2





















██████████████████████████████                       1/4 done (25%)
