---
source: src/commands/task/explorer/drawing.rs
expression: snapshot
---
 Tasks [sort: ID] [filter: Cycle Detail

   ○ 2.1 Cycle detect [dag]      1 Epic One
                                 Component: parser

                                 Subtasks: 2













████████████████████             1/4 done (25%)
