---
source: src/tui/widgets/task_sidebar.rs
expression: snap(&buffer)
---
 Tasks                                 ▐
                                       ▐
                                       ▐
    ✓ Subtask A [parser]               ▐
    ~ Subtask B [parser] →1.1          ▐
                                       ▐
                                       ▐
 1/4 25%                               ▐
