---
source: src/tui/widgets/task_sidebar.rs
expression: snap(&buffer)
---
 Tasks                                 ▐
                                       ▐
                                       ▐
  ▼ Epic One [parser]                  ▐
    ✓ Subtask A [parser]               ▐
                                       ▐
                                       ▐
 1/4 25%                               ▐
