---
source: src/tui/widgets/splash.rs
expression: snap(&buffer)
---
 ⠀⠀⠀⠀⠀⠀⠀⠀⠀⠀⠀⠀⠀⣀⣠⣤⣴⣶⣾⣿⢿⣿⣿⣿⣿⣿⣿⣿⣷⣶⣶⣤⣄⡀⠀⠀⠀⠀⠀⠀⠀⠀⠀⠀⠀⠀⠀⠀⠀⠀⠀⠀⠀⠀⠀⠀⠀⠀
 ⠀⠀⠀⠀⠀⠀⠀⠀⠀⠀⣠⣴⡾⢟⣿⢿⣿⠟⢁⣠⠞⢉⡼⠋⢠⠏⠉⣿⠙⣏⠻⣟⠻⣿⣷⣦⣄⡀⠀⠀⠀⠀⠀⠀⠀⠀⠀⠀⠀⠀⠀⠀⠀⠀⠀⠀⠀⠀
 ⠀⠀⠀⠀⠀⠀⠀⢀⣴⣿⡿⢋⡴⠋⣠⡞⠁⣴⠟⢁⣴⠋⠀⣠⡟⠀⢰⡇⠀⢻⡄⠘⣧⠈⠻⣿⡿⣿⣷⣤⡀⠀⠀⠀⠀⠀⠀⠀⠀⠀⠀⠀⠀⠀⠀⠀⠀⠀
 ⠀⠀⠀⠀⠀⣠⣴⣿⡿⢋⣴⠟⠀⣼⠋⢀⡼⠃⠀⣾⠃⠀⢰⣿⠀⠀⢸⠃⠀⠈⣿⠀⠈⢷⡄⠘⣧⠈⢿⡙⠻⣷⣄⠀⠀⠀⠀⠀⠀⠀⠀⠀⠀⠀⠀⠀⠀⠀
 ⠀⠀⠀⠀⣰⠛⣽⠟⣡⡾⠋⢀⣾⠃⢀⣾⠃⠀⢸⠃⠀⠀⠸⠋⠀⠀⠸⠀⠀⠀⢻⡆⠀⠸⣿⠀⠘⢷⠈⢷⡄⠙⣿⡳⣄⠀⠀⠀⠀⠀⠀⠀⠀⠀⠀⠀⠀⠀
 ⠀⠀⠀⢀⡾⢃⣼⠋⣰⡿⠁⢀⣿⠇⠀⢸⠇⠀⠀⠘⠀⠀⠀⠀⠀⠀⠀⠀⠀⠀⠈⠀⠀⠀⠀⠀⠀⠈⠀⠈⠁⠀⠈⣷⡘⠳⠄⠀⠀⠀⠀⠀⠀⠀⠀⠀⠀⠀
 ⠀⠀⠀⢀⣾⢁⣾⠇⢠⡿⠀⠀⢸⡟⠀⠀⠸⠀⠀⠀⠀⠀⢀⣴⠾⠿⠿⠿⠶⣆⡀⠀⠀⠀⠀⠀⠀⣠⡴⠾⠿⠛⠷⢦⡀⢸⣿⠀⠀⠀⠀⠀⠀⠀⠀⠀⠀⠀
 ⠀⠀⠀⠸⠛⢸⡟⠀⢸⠁⠀⠀⢾⠁⠀⠀⠀⠀⠀⠀⠀⣰⡟⠀⠀⠀⠀⠀⠀⠈⢻⡄⠀⠀⠀⠀⣴⠉⠀⠀⠀⠀⠀⠀⢳⡈⣿⠀⠀⠀⠀⠀⠀⠀⠀⠀⠀⠀
 ⠀⠀⠀⠀⠀⣿⣇⠀⠀⠀⠀⠀⠀⠀⠀⠀⠀⠀⠀⠀⠀⣿⠀⠀⣶⣷⠄⠀⠀⠀⢈⣧⠀⠀⠀⢈⣿⠀⠀⠀⢾⣿⠀⠀⢸⠇⣿⠀⠀⠀⠀⠀⠀⠀⠀⠀⠀⠀
 ⠀⠀⠀⠀⣰⠿⠿⠿⠖⠀⠀⠀⠀⠀⠀⠀⠀⠀⠀⠀⠀⢸⣦⠀⠙⠉⠀⠀⠀⠀⣸⡇⠀⠀⠀⠀⠹⣷⡀⠀⠀⠀⠀⢀⡞⠀⣿⠀⠀⠀⠀⠀⠀⠀⠀⠀⠀⠀
 ⠀⠀⠀⢾⡇⠀⠀⠀⠀⠀⠀⠀⠀⠀⠀⠀⠀⠀⠀⠀⠀⠀⠙⢷⣤⣀⣀⣠⣤⡾⠟⠀⠀⠛⠒⠶⢶⣮⡛⠷⣶⡴⠶⠋⠀⠀⣿⠀⠀⠀⠀⠀⠀⠀⠀⠀⠀⠀
 ⠀⠀⠀⠸⣧⠀⠀⠀⠀⠀⠀⠀⠀⠀⠀⠀⠀⠀⠀⠀⠀⠀⠀⠀⠈⠉⠉⠉⠁⠀⢀⣀⡀⠀⠀⠀⠀⠙⣿⠀⠀⠀⠀⠀⠀⠀⣿⣄⠀⠀⠀⠀⠀⠀⠀⠀⠀⠀
 ⠀⠀⠀⠀⠈⠳⣦⣤⣤⡄⠀⠀⠀⠀⠀⠀⠀⠀⠀⠀⠀⠀⠀⠀⠀⠀⠀⠀⣠⣶⠿⠛⠻⣷⣄⠀⣠⣴⡿⠀⠀⠀⠀⠀⠀⠀⠀⠻⣧⠀⠀⠀⠀⠀⠀⠀⠀⠀
 ⠀⠀⠀⠀⠀⠀⠀⠉⢷⣄⠀⠀⠀⠀⠀⠀⠀⠀⠀⠀⠀⠀⠀⠀⠀⠀⣠⡾⠋⠀⠀⢀⣴⠟⠛⠛⠋⠉⠀⠀⠀⠀⠀⠀⠀⠀⠀⠀⢹⡇⠀⠀⠀⠀⠀⠀⠀⠀
 ⠀⠀⠀⠀⠀⠀⠀⠀⠀⠻⣧⠀⠀⠀⠀⠀⠀⠀⠀⠀⠀⠐⣿⠀⠀⣠⡟⠀⠀⠀⢠⣾⣷⠶⢶⣄⠀⠀⠀⠀⠀⠀⠀⠀⠀⠀⢀⣤⡾⠃⠀⠀⠀⠀⠀⠀⠀⠀
  ⠀⠀⠀⠀⠀⠀⠀⢀⣿⢷⣄⡀⠀⠀⠀⠀⠀⠀⠀⠀⠙⠿⠿⣿⠀⠀⠀⠀⠈⠉⠁⠀⢀⣽⣷⣄⣀⣠⣤⣤⣤⡶⠶⠟⠛⠉⠀⠀⠀⠀⠀⠀⠀⠀⠀⠀⠀
  ⠀⠀⠀⠀⠀⠀⢀⡿⠁⠀⠉⠻⢷⣦⣄⡀⠀⠀⠀⠀⠀⠀⠀⣿⠀⠀⠀⠀⠀⠀⠘⠛⠉⠉⠹⣿⠉⠉⣽⠏⠀⠀⠀⠀⠀⠀⠀⠀⠀⠀⠀⠀⠀⠀⠀⠀⠀
  ⠀⠀⠀⠀⠀⠀⣼⣇⠀⠀⠀⠀⠀⠈⠙⠻⠿⢶⣤⣤⣤⣤⣤⣿⡀⠀⠀⠀⠀⠀⠀⠀⠀⢀⣠⡏⣠⣾⣧⣄⠀⠀⠀⠀⠀⠀⠀⠀⠀⠀⠀⠀⠀⠀⠀⠀⠀
  ⠀⠀⠀⠀⢀⣤⣾⠿⣿⣶⣄⠀⠀⠀⠀⠀⠀⠀⠀⢈⣿⠏⠉⠉⠙⠿⣶⣦⡀⠀⠀⠀⠀⣿⡿⠿⢿⡟⠁⢈⣿⣷⡄⠀⠀⠀⠀⠀⠀⠀⠀⠀⠀⠀⠀⠀⠀
